[www3.primuss.de/cgi-bin/Verify/index9c64.html]
[backblue.gif]
[fade.gif]
[index.html]
[www3.primuss.de/css/2/standard.css]
[www3.primuss.de/js/jquery/css/ui-smoothness/jquery-ui.custom.css]
[www3.primuss.de/css/qtip/jquery.qtip.min.css]
[www3.primuss.de/css/2/1024.css]
[www3.primuss.de/css/2/768.css]
[www3.primuss.de/css/2/480.css]
[www3.primuss.de/css/Allgemein/jquery.sidr.css]
[www3.primuss.de/js/modernizr-2.js]
[www3.primuss.de/js/jquery/js/jquery.js]
[www3.primuss.de/js/jquery.sidr.min.js]
[www3.primuss.de/pics/Neue/Ansbach.png]
[www3.primuss.de/pics/logo/primuss.gif]
[www3.primuss.de/pics/picto/hamburger.png]
[www3.primuss.de/js/qtip/jquery.qtip.min.js]
[www3.primuss.de/js/vorlagen/bewerbung/m.js]
[www3.primuss.de/cgi-bin/Verify/index9c64.html]
[www3.primuss.de/css/2/standard.css]
[www3.primuss.de/js/jquery/css/ui-smoothness/images/ui-bg_flat_75_ffffff_40x100.png]
[www3.primuss.de/js/jquery/css/ui-smoothness/images/ui-bg_highlight-soft_75_cccccc_1x100.png]
[www3.primuss.de/js/jquery/css/ui-smoothness/images/ui-bg_glass_75_e6e6e6_1x400.png]
[www3.primuss.de/js/jquery/css/ui-smoothness/images/ui-bg_glass_75_dadada_1x400.png]
[www3.primuss.de/js/jquery/css/ui-smoothness/images/ui-bg_glass_65_ffffff_1x400.png]
[www3.primuss.de/js/jquery/css/ui-smoothness/images/ui-bg_glass_55_fbf9ee_1x400.png]
[www3.primuss.de/js/jquery/css/ui-smoothness/images/ui-bg_glass_95_fef1ec_1x400.png]
[www3.primuss.de/js/jquery/css/ui-smoothness/images/ui-icons_222222_256x240.png]
[www3.primuss.de/js/jquery/css/ui-smoothness/images/ui-icons_888888_256x240.png]
[www3.primuss.de/js/jquery/css/ui-smoothness/images/ui-icons_454545_256x240.png]
[www3.primuss.de/js/jquery/css/ui-smoothness/images/ui-icons_2e83ff_256x240.png]
[www3.primuss.de/js/jquery/css/ui-smoothness/images/ui-icons_cd0a0a_256x240.png]
[www3.primuss.de/js/jquery/css/ui-smoothness/images/ui-bg_flat_0_aaaaaa_40x100.png]
[www3.primuss.de/js/jquery/css/ui-smoothness/jquery-ui.custom.css]
[www3.primuss.de/css/qtip/jquery.qtip.min.css]
[www3.primuss.de/css/2/1024.css]
[www3.primuss.de/css/2/768.css]
[www3.primuss.de/css/2/480.css]
[www3.primuss.de/css/Allgemein/jquery.sidr.css]
